[bossran.net/index.html]
[backblue.gif]
[fade.gif]
[index.html]
[assets.zyrosite.com/cdn-cgi/image/format=auto,w=48,h=48,fit=crop,f=png/mk38v531oVFjxPDp/bossranpng-A85Z4ve0v0H06xL0.png]
[bossran.net/_astro-1710396259894/_slug_.Bs3ynK1O.css]
[bossran.net/t]
[bossran.net/_https_/soundcloud.com/joshua-bossran/_]
[bossran.net/_https_/soundcloud.com/joshua-bossran/sets/bossran-soundtrack/_]
[assets.zyrosite.com/cdn-cgi/image/format=auto,w=138,fit=crop,q=95/mk38v531oVFjxPDp/d4rnnlq-5f60e539-0720-46ae-affb-3fcff846e89e-AoPZpgRwGjha4yWO.png]
[bossran.net/download.html]
[bossran.net/manualpatch.html]
[bossran.net/top-up.html]
[bossran.net/community.html]
[assets.zyrosite.com/cdn-cgi/image/format=auto,w=1920,fit=crop/mk38v531oVFjxPDp/bg_head-YKb1ODkpRzTRV725.jpg]
[assets.zyrosite.com/cdn-cgi/image/format=auto,w=297,h=143,fit=crop/mk38v531oVFjxPDp/bren2-Yg2Lj50nRJTg5v4V.png]
[assets.zyrosite.com/cdn-cgi/image/format=auto,w=85,h=40,fit=crop/mk38v531oVFjxPDp/bren2-Yg2Lj50nRJTg5v4V.png]
[bossran.net/infoen2.html]
[bossran.net/infoen1.html]
[assets.zyrosite.com/cdn-cgi/image/format=auto,w=297,h=143,fit=crop/mk38v531oVFjxPDp/bren1-m6LPZrNne1UpaQrP.png]
[assets.zyrosite.com/cdn-cgi/image/format=auto,w=70,h=33,fit=crop/mk38v531oVFjxPDp/bren1-m6LPZrNne1UpaQrP.png]
[assets.zyrosite.com/cdn-cgi/image/format=auto,w=628,h=628,fit=crop/mk38v531oVFjxPDp/3030242000_aliza_-water-_detail_l-A852e4GyNrS3PqJk.png]
[assets.zyrosite.com/cdn-cgi/image/format=auto,w=90,h=92,fit=crop/mk38v531oVFjxPDp/3030242000_aliza_-water-_detail_l-A852e4GyNrS3PqJk.png]
[assets.zyrosite.com/cdn-cgi/image/format=auto,w=424,h=395,fit=crop,trim=222.95719844357976;237.8802177858439;222.95719844357976;237.8802177858439/mk38v531oVFjxPDp/greenshield2-dOqla4Oy72IOPV8q.png]
[assets.zyrosite.com/cdn-cgi/image/format=auto,w=120,h=112,fit=crop,trim=222.3972602739726;236.30769230769232;222.3972602739726;236.30769230769232/mk38v531oVFjxPDp/greenshield2-dOqla4Oy72IOPV8q.png]
[assets.zyrosite.com/cdn-cgi/image/format=auto,w=70,h=33,fit=crop/mk38v531oVFjxPDp/d4rnnlq-5f60e539-0720-46ae-affb-3fcff846e89e-AoPZpgRwGjha4yWO.png]
[assets.zyrosite.com/cdn-cgi/image/format=auto,w=50,h=21,fit=crop/mk38v531oVFjxPDp/d4rnnlq-5f60e539-0720-46ae-affb-3fcff846e89e-AoPZpgRwGjha4yWO.png]
[bossran.net/index.html]
[bossran.net/_astro-1710396259894/_slug_.Bs3ynK1O.css]
[bossran.net/t.html]
[bossran.net/_https_/w.soundcloud.com/player45c6]
[bossran.net/_https_/w.soundcloud.com/player/index3e96.html]
[bossran.net/_https_/soundcloud.com/joshua-bossran/_.html]
[bossran.net/_https_/soundcloud.com/joshua-bossran/sets/bossran-soundtrack/_.html]
[assets.zyrosite.com/cdn-cgi/image/format=auto,w=318,h=318,fit=crop,trim=158.127562642369;158.127562642369;158.127562642369;158.127562642369/mk38v531oVFjxPDp/260201_kn_0_01_assassin_m-mP4POQnaGbt313KE.png]
[assets.zyrosite.com/cdn-cgi/image/format=auto,w=328,h=278,fit=crop,trim=221.06843/mk38v531oVFjxPDp/260201_kn_0_01_assassin_m-mP4POQnaGbt313KE.png]
[assets.zyrosite.com/cdn-cgi/image/format=auto,w=41,h=41,fit=crop/mk38v531oVFjxPDp/logo-mediafire-YbNnBa9nxquveD8E.png]
[assets.zyrosite.com/cdn-cgi/image/format=auto,w=328,h=278,fit=crop/mk38v531oVFjxPDp/logo-mediafire-YbNnBa9nxquveD8E.png]
[assets.zyrosite.com/cdn-cgi/image/format=auto,w=42,h=38,fit=crop/mk38v531oVFjxPDp/google_drive_logo_512px-Yle2WMyL13h3Eygp.png]
[assets.zyrosite.com/cdn-cgi/image/format=auto,w=328,h=278,fit=crop/mk38v531oVFjxPDp/google_drive_logo_512px-Yle2WMyL13h3Eygp.png]
[assets.zyrosite.com/cdn-cgi/image/format=auto,w=40,h=40,fit=crop/mk38v531oVFjxPDp/mega-icon-logo-YyvX9o7Xv6UzjZOB.png]
[assets.zyrosite.com/cdn-cgi/image/format=auto,w=328,h=278,fit=crop/mk38v531oVFjxPDp/mega-icon-logo-YyvX9o7Xv6UzjZOB.png]
[assets.zyrosite.com/cdn-cgi/image/format=auto,w=439,h=293,fit=crop/mk38v531oVFjxPDp/top-up-A1a1vqeDG4iLg2r6.jpg]
[assets.zyrosite.com/cdn-cgi/image/format=auto,w=328,h=320,fit=crop/mk38v531oVFjxPDp/top-up-A1a1vqeDG4iLg2r6.jpg]
[assets.zyrosite.com/cdn-cgi/image/format=auto,w=446,h=297,fit=crop/mk38v531oVFjxPDp/remineder-Yg2L39lZaVUp3aV0.jpg]
[assets.zyrosite.com/cdn-cgi/image/format=auto,w=328,h=320,fit=crop/mk38v531oVFjxPDp/remineder-Yg2L39lZaVUp3aV0.jpg]
[bossran.net/download.html]
[assets.zyrosite.com/cdn-cgi/image/format=auto,w=471,h=471,fit=crop,trim=157.56923/mk38v531oVFjxPDp/260201_kn_0_01_assassin_m-mP4POQnaGbt313KE.png]
[bossran.net/manualpatch.html]
[assets.zyrosite.com/cdn-cgi/image/format=auto,w=552,h=905,fit=crop,trim=0;0;0;0/mk38v531oVFjxPDp/hood5-mv05NXlbgqckXPQQ.jpg]
[assets.zyrosite.com/cdn-cgi/image/format=auto,w=328,h=320,fit=crop,trim=226.10408921933083;0;226.10408921933083;0/mk38v531oVFjxPDp/hood5-mv05NXlbgqckXPQQ.jpg]
[assets.zyrosite.com/cdn-cgi/image/format=auto,w=155,h=41,fit=crop/mk38v531oVFjxPDp/paypal-mP47Gze3k3fe7V1K.png]
[assets.zyrosite.com/cdn-cgi/image/format=auto,w=328,h=320,fit=crop/mk38v531oVFjxPDp/paypal-mP47Gze3k3fe7V1K.png]
[assets.zyrosite.com/cdn-cgi/image/format=auto,w=70,h=62,fit=crop/mk38v531oVFjxPDp/gcash-logo-e93133fda5-seeklogo.com-m2WlynMqKgh9Dxyb.png]
[assets.zyrosite.com/cdn-cgi/image/format=auto,w=328,h=320,fit=crop/mk38v531oVFjxPDp/gcash-logo-e93133fda5-seeklogo.com-m2WlynMqKgh9Dxyb.png]
[assets.zyrosite.com/cdn-cgi/image/format=auto,w=688,h=573,fit=crop,trim=0;0;0;0/mk38v531oVFjxPDp/3030238000_taru_amuro_01_zoom-AGBM2nLWQJCEnNaz.png]
[assets.zyrosite.com/cdn-cgi/image/format=auto,w=328,h=278,fit=crop,trim=0;8.622754491017965;0;8.622754491017965/mk38v531oVFjxPDp/3030238000_taru_amuro_01_zoom-AGBM2nLWQJCEnNaz.png]
[assets.zyrosite.com/cdn-cgi/image/format=auto,w=740,h=493,fit=crop/mk38v531oVFjxPDp/260201_kn_0_01_assassin_m-mP4POQnaGbt313KE.png]
[assets.zyrosite.com/cdn-cgi/image/format=auto,w=328,h=320,fit=crop/mk38v531oVFjxPDp/260201_kn_0_01_assassin_m-mP4POQnaGbt313KE.png]
[bossran.net/top-up.html]
[bossran.net/community.html]
[assets.zyrosite.com/cdn-cgi/image/format=auto,w=339,h=160,fit=crop/mk38v531oVFjxPDp/bren2-Yg2Lj50nRJTg5v4V.png]
[assets.zyrosite.com/cdn-cgi/image/format=auto,w=328,h=264,fit=crop/mk38v531oVFjxPDp/bren2-Yg2Lj50nRJTg5v4V.png]
[bossran.net/infoen2.html]
[assets.zyrosite.com/cdn-cgi/image/format=auto,w=339,h=160,fit=crop/mk38v531oVFjxPDp/bren1-m6LPZrNne1UpaQrP.png]
[assets.zyrosite.com/cdn-cgi/image/format=auto,w=328,h=264,fit=crop/mk38v531oVFjxPDp/bren1-m6LPZrNne1UpaQrP.png]
[bossran.net/infoen1.html]
[bossran.net/_https_/w.soundcloud.com/player45c6.html]
[bossran.net/_https_/connect.facebook.net/en_US/sdk.js]
[bossran.net/_https_/connect.facebook.net/en_US/sdk.js]
[bossran.net/_https_/www.facebook.com/bossran.net/__BossRan_/a__/blockquote__/div__],_desktop__[0,{_top__[0,125],_left__[0,71/www.facebook.com/groups/bossran.en2_],_type__[0,_GridButton_],_mobile__[0,{_top__[0,2]
[bossran.net/_https_/www.facebook.com/bossran.net/__BossRan_/a__/blockquote__/div__],_desktop__[0,{_top__[0,125],_left__[0,71/www.facebook.com/groups/bossran.en2_],_type__[0,_GridButton_],_mobile__[0,{_top__[0,2]
